---
source: src/site/nav.rs
expression: "sidebar(&model, \"../\", \"notes/rust-tips.html\")"
---
<nav class="sidebar">
<details class="nav-section" open>
<summary class="nav-title"><svg class="icon chevron" aria-hidden="true"><use href="#icon-chevron-right"/></svg>by-status</summary>
<a class="nav-all" href="../views/by-status/index.html">All groups</a>
<ul class="nav-entries">
<li class="nav-group"><details open><summary><svg class="icon chevron" aria-hidden="true"><use href="#icon-chevron-right"/></svg><a href="../views/by-status/done/index.html">done</a></summary>
<ul class="nav-entries">
<li class="nav-note"><a href="../notes/rust-tips.html" aria-current="page">Rust &lt;Tips&gt;</a></li>
</ul>
</details></li>
<li class="nav-group"><details><summary><svg class="icon chevron" aria-hidden="true"><use href="#icon-chevron-right"/></svg><a href="../views/by-status/open/index.html">open</a></summary>
<ul class="nav-entries">
<li class="nav-note"><a href="../notes/plain.html">Plain</a></li>
</ul>
</details></li>
</ul>
</details>
<section class="nav-section nav-tags">
<h2 class="nav-title"><a href="../tags/index.html">tags</a></h2>
<ul class="tag-cloud">
<li><a href="../tags/programming/index.html" aria-current="true">programming<span class="count">1</span></a></li>
</ul>
</section>
</nav>
