---
source: src/site/page.rs
expression: page().render()
---
<!doctype html>
<html lang="en">
<head>
<meta charset="utf-8">
<meta name="viewport" content="width=device-width, initial-scale=1">
<title>Rust &lt;Tips&gt; · Vault &amp; Co</title>
<link rel="stylesheet" href="../assets/style.css">
<script>try{var t=localStorage.getItem("ntropy-theme");if(t==="light"||t==="dark")document.documentElement.dataset.theme=t}catch(e){}</script>
<script defer src="../assets/app.js"></script>
<script defer src="../assets/grammars/rust.js"></script>

</head>
<body class="site">
<div class="layout">
<header class="site-header"><a class="site-name" href="../index.html">Vault &amp; Co</a>
<div class="header-tools"><div data-search="../assets/search-data.js" data-prefix="../"></div>
<button class="theme-toggle" type="button" aria-pressed="false" title="Switch between light and dark">Theme</button></div></header>
<nav class="sidebar">S</nav>
<main>
<nav class="breadcrumbs"><ol>
<li><a href="../views/by-status/index.html">by-status</a></li>
<li><a href="../views/by-status/done/index.html">done</a></li>
</ol></nav>
<div class="content">
<article>B</article>
</div>
<nav class="pager">
<a class="prev" rel="prev" href="earlier.html">Earlier &lt;one&gt;</a>
</nav>
</main>
<aside class="side">
<nav class="outline">O</nav>
</aside>
</div>
</body>
</html>
