---
source: tests/cli.rs
info:
  program: ntropy
  args: []
---
success: true
exit_code: 0
----- stdout -----
An opinionated Markdown note-taking and management CLI.

Usage: ntropy [OPTIONS] [COMMAND]

Commands:
  init       Initialize a vault (idempotent)
  new        Create a note from a template and open it
  today      Open today's note, creating it from the `today` template if absent
  search     Browse, filter or full-text search notes [aliases: list]
  edit       Open a specific note by id or query
  reconcile  Realign drifted filenames and rebuild views
  delete     Delete a note by id or query
  view       Manage materialized view definitions
  tags       List all tags with note counts
  info       Show the active vault, its resolution, and vault statistics
  lsp        Run the language server over stdin/stdout
  help       Print this message or the help of the given subcommand(s)

Options:
      --vault <PATH>     Operate on the vault at this path (overrides all other resolution)
  -n, --non-interactive  Force non-interactive (plain) behavior even on a TTY
      --strict           Treat malformed/badly-named notes as errors instead of warnings
  -h, --help             Print help
  -V, --version          Print version


----- stderr -----
