---
source: tests/cli.rs
info:
  program: ntropy
  args:
    - "--vault"
    - /var/folders/sy/j_tvsf5n5g3055p026gwzw1c0000gn/T/.tmpqHhI86
    - search
    - "tag:area/work"
    - "-n"
  env:
    EDITOR: "true"
---
success: true
exit_code: 0
----- stdout -----
[ULID]	Work Note	[VAULT]/all-notes/[ULID]-work.md

----- stderr -----
