---
source: tests/cli.rs
info:
  program: ntropy
  args:
    - "-n"
    - "--passphrase-file"
    - test-passphrase.txt
    - vault
    - passphrase
    - "--new-passphrase-file"
    - new-pw.txt
  env:
    EDITOR: "true"
---
success: true
exit_code: 0
----- stdout -----
Passphrase changed. Notes were not touched.

----- stderr -----
