---
source: tests/cli.rs
info:
  program: ntropy
  args:
    - "-n"
    - search
    - "-p"
  env:
    EDITOR: "true"
---
success: false
exit_code: 1
----- stdout -----

----- stderr -----
error: while listing notes: this vault is encrypted, but this build of ntropy was compiled without encryption support
