---
source: tests/cli.rs
info:
  program: ntropy
  args:
    - "--vault"
    - /var/folders/sy/j_tvsf5n5g3055p026gwzw1c0000gn/T/.tmp208CBA
    - search
    - "-n"
    - "--strict"
  env:
    EDITOR: "true"
---
success: false
exit_code: 1
----- stdout -----
[ULID]	Good	[VAULT]/all-notes/[ULID]-good.md

----- stderr -----
warning: skipped `[ULID]-bad.md`: the frontmatter has no `title` field
