---
source: tests/cli.rs
info:
  program: ntropy
  args:
    - render
    - 01ARZ3NDEKTSV4RRFFQ69G5FAV
    - "-n"
  env:
    EDITOR: "true"
    PATH: stub-bin
---
success: true
exit_code: 0
----- stdout -----
Rendering [DATE....]  Wanted  ([ULID....................])...
Rendered wanted.pdf (pdf via pandoc, 9 B)

----- stderr -----
