---
source: src/render/typst/writer.rs
expression: pairs
---
"\\ leads the line" → "\\\\ leads the line"
"mid\\word" → "mid\\\\word"
"after space \\ here" → "after space \\\\ here"
"at the end\\" → "at the end\\\\"
"first line\n\\ second line" → "first line\n\\\\ second line"
"\\ marker-shaped" → "\\\\ marker\\-shaped"
"doubled \\\\ run" → "doubled \\\\\\\\ run"
"# leads the line" → "\\# leads the line"
"mid#word" → "mid\\#word"
"after space # here" → "after space \\# here"
"at the end#" → "at the end\\#"
"first line\n# second line" → "first line\n\\# second line"
"# marker-shaped" → "\\# marker\\-shaped"
"doubled ## run" → "doubled \\#\\# run"
"[ leads the line" → "\\[ leads the line"
"mid[word" → "mid\\[word"
"after space [ here" → "after space \\[ here"
"at the end[" → "at the end\\["
"first line\n[ second line" → "first line\n\\[ second line"
"[ marker-shaped" → "\\[ marker\\-shaped"
"doubled [[ run" → "doubled \\[\\[ run"
"] leads the line" → "\\] leads the line"
"mid]word" → "mid\\]word"
"after space ] here" → "after space \\] here"
"at the end]" → "at the end\\]"
"first line\n] second line" → "first line\n\\] second line"
"] marker-shaped" → "\\] marker\\-shaped"
"doubled ]] run" → "doubled \\]\\] run"
"$ leads the line" → "\\$ leads the line"
"mid$word" → "mid\\$word"
"after space $ here" → "after space \\$ here"
"at the end$" → "at the end\\$"
"first line\n$ second line" → "first line\n\\$ second line"
"$ marker-shaped" → "\\$ marker\\-shaped"
"doubled $$ run" → "doubled \\$\\$ run"
"` leads the line" → "\\` leads the line"
"mid`word" → "mid\\`word"
"after space ` here" → "after space \\` here"
"at the end`" → "at the end\\`"
"first line\n` second line" → "first line\n\\` second line"
"` marker-shaped" → "\\` marker\\-shaped"
"doubled `` run" → "doubled \\`\\` run"
"* leads the line" → "\\* leads the line"
"mid*word" → "mid\\*word"
"after space * here" → "after space \\* here"
"at the end*" → "at the end\\*"
"first line\n* second line" → "first line\n\\* second line"
"* marker-shaped" → "\\* marker\\-shaped"
"doubled ** run" → "doubled \\*\\* run"
"_ leads the line" → "\\_ leads the line"
"mid_word" → "mid\\_word"
"after space _ here" → "after space \\_ here"
"at the end_" → "at the end\\_"
"first line\n_ second line" → "first line\n\\_ second line"
"_ marker-shaped" → "\\_ marker\\-shaped"
"doubled __ run" → "doubled \\_\\_ run"
"< leads the line" → "\\< leads the line"
"mid<word" → "mid\\<word"
"after space < here" → "after space \\< here"
"at the end<" → "at the end\\<"
"first line\n< second line" → "first line\n\\< second line"
"< marker-shaped" → "\\< marker\\-shaped"
"doubled << run" → "doubled \\<\\< run"
"> leads the line" → "\\> leads the line"
"mid>word" → "mid\\>word"
"after space > here" → "after space \\> here"
"at the end>" → "at the end\\>"
"first line\n> second line" → "first line\n\\> second line"
"> marker-shaped" → "\\> marker\\-shaped"
"doubled >> run" → "doubled \\>\\> run"
"@ leads the line" → "\\@ leads the line"
"mid@word" → "mid\\@word"
"after space @ here" → "after space \\@ here"
"at the end@" → "at the end\\@"
"first line\n@ second line" → "first line\n\\@ second line"
"@ marker-shaped" → "\\@ marker\\-shaped"
"doubled @@ run" → "doubled \\@\\@ run"
"~ leads the line" → "\\~ leads the line"
"mid~word" → "mid\\~word"
"after space ~ here" → "after space \\~ here"
"at the end~" → "at the end\\~"
"first line\n~ second line" → "first line\n\\~ second line"
"~ marker-shaped" → "\\~ marker\\-shaped"
"doubled ~~ run" → "doubled \\~\\~ run"
"' leads the line" → "\\' leads the line"
"mid'word" → "mid\\'word"
"after space ' here" → "after space \\' here"
"at the end'" → "at the end\\'"
"first line\n' second line" → "first line\n\\' second line"
"' marker-shaped" → "\\' marker\\-shaped"
"doubled '' run" → "doubled \\'\\' run"
"\" leads the line" → "\\\" leads the line"
"mid\"word" → "mid\\\"word"
"after space \" here" → "after space \\\" here"
"at the end\"" → "at the end\\\""
"first line\n\" second line" → "first line\n\\\" second line"
"\" marker-shaped" → "\\\" marker\\-shaped"
"doubled \"\" run" → "doubled \\\"\\\" run"
"- leads the line" → "\\- leads the line"
"mid-word" → "mid\\-word"
"after space - here" → "after space \\- here"
"at the end-" → "at the end\\-"
"first line\n- second line" → "first line\n\\- second line"
"- marker-shaped" → "\\- marker\\-shaped"
"doubled -- run" → "doubled \\-\\- run"
". leads the line" → "\\. leads the line"
"mid.word" → "mid\\.word"
"after space . here" → "after space \\. here"
"at the end." → "at the end\\."
"first line\n. second line" → "first line\n\\. second line"
". marker-shaped" → "\\. marker\\-shaped"
"doubled .. run" → "doubled \\.\\. run"
"/ leads the line" → "\\/ leads the line"
"mid/word" → "mid\\/word"
"after space / here" → "after space \\/ here"
"at the end/" → "at the end\\/"
"first line\n/ second line" → "first line\n\\/ second line"
"/ marker-shaped" → "\\/ marker\\-shaped"
"doubled // run" → "doubled \\/\\/ run"
": leads the line" → "\\: leads the line"
"mid:word" → "mid\\:word"
"after space : here" → "after space \\: here"
"at the end:" → "at the end\\:"
"first line\n: second line" → "first line\n\\: second line"
": marker-shaped" → "\\: marker\\-shaped"
"doubled :: run" → "doubled \\:\\: run"
"= leads the line" → "\\= leads the line"
"mid=word" → "mid\\=word"
"after space = here" → "after space \\= here"
"at the end=" → "at the end\\="
"first line\n= second line" → "first line\n\\= second line"
"= marker-shaped" → "\\= marker\\-shaped"
"doubled == run" → "doubled \\=\\= run"
"+ leads the line" → "\\+ leads the line"
"mid+word" → "mid\\+word"
"after space + here" → "after space \\+ here"
"at the end+" → "at the end\\+"
"first line\n+ second line" → "first line\n\\+ second line"
"+ marker-shaped" → "\\+ marker\\-shaped"
"doubled ++ run" → "doubled \\+\\+ run"
"an ellipsis... here" → "an ellipsis\\.\\.\\. here"
"en--dash" → "en\\-\\-dash"
"em---dash" → "em\\-\\-\\-dash"
"soft-?hyphen" → "soft\\-?hyphen"
"minus -5 degrees" → "minus \\-5 degrees"
"visit http://example.com now" → "visit http\\:\\/\\/example\\.com now"
"or https://example.com/path" → "or https\\:\\/\\/example\\.com\\/path"
"a // line comment shape" → "a \\/\\/ line comment shape"
"a /* block comment shape */" → "a \\/\\* block comment shape \\*\\/"
"6. numbered marker shape" → "6\\. numbered marker shape"
"= heading shape" → "\\= heading shape"
"- bullet shape" → "\\- bullet shape"
"+ enum shape" → "\\+ enum shape"
"/ term: shape" → "\\/ term\\: shape"
"<label-shape>" → "\\<label\\-shape\\>"
"@reference-shape" → "\\@reference\\-shape"
"trailing backslash \\" → "trailing backslash \\\\"
"\\ leading backslash" → "\\\\ leading backslash"
"'single' and \"double\" quotes" → "\\'single\\' and \\\"double\\\" quotes"
"nbsp~shape" → "nbsp\\~shape"
"math $x^2$ shape" → "math \\$x^2\\$ shape"
"code `raw` shape" → "code \\`raw\\` shape"
"#code-mode shape" → "\\#code\\-mode shape"
"[content block] shape" → "\\[content block\\] shape"
"unbalanced ] bracket" → "unbalanced \\] bracket"
"*strong* and _emph_ shapes" → "\\*strong\\* and \\_emph\\_ shapes"
"Über Größe 日本語 mixed with * unicode" → "Über Größe 日本語 mixed with \\* unicode"
